2025-07-09 20:46:20,328 - INFO - Given_Labelled_data:
               Protein ID  Molecular_weight  Isoelectric_point  Aromaticity  Instability_index     Gravy        labels
0    sp|O15162|PLS1_HUMAN        35048.7240           4.829973     0.094340          52.177044 -0.244654  mitochondria
1   sp|O15393|TMPS2_HUMAN        53858.6210           8.115877     0.099593          41.939675 -0.248374       nucleus
2     sp|O60502|OGA_HUMAN       102913.9727           4.819742     0.093886          47.790972 -0.337991       nucleus
3   sp|O75475|PSIP1_HUMAN        60102.5309           9.146275     0.035849          46.803962 -1.415094  mitochondria
4    sp|O75970|MPDZ_HUMAN       221615.1871           4.951495     0.039130          46.487778 -0.239469  mitochondria
5   sp|O95273|CCDB1_HUMAN        40261.5329           4.708167     0.047222          46.003056 -0.193056  mitochondria
6     sp|O95905|ECD_HUMAN        72757.2004           4.746704     0.083851          51.888214 -0.473913     cytoplasm
7    sp|P01889|HLAB_HUMAN        40459.5973           5.569846     0.088398          43.560276 -0.559945     cytoplasm
8    sp|P01911|DRB1_HUMAN        29965.7874           7.641684     0.112782          48.921880 -0.206767       nucleus
9    sp|P04439|HLAA_HUMAN        40840.2477           5.655275     0.090411          36.957014 -0.498630  mitochondria
10   sp|P05556|ITB1_HUMAN        88414.4842           5.270987     0.072682          41.123697 -0.403509  mitochondria
11     sp|P06400|RB_HUMAN       106158.1911           8.134701     0.079741          47.850571 -0.405927  mitochondria
12    sp|P08174|DAF_HUMAN        41399.6882           7.789344     0.073491          48.593438 -0.305774       nucleus
13   sp|P08246|ELNE_HUMAN        28517.7571           9.709535     0.056180          47.876779  0.237079     cytoplasm
14   sp|P08648|ITA5_HUMAN       114535.0818           5.500275     0.093422          46.806015 -0.219638     cytoplasm
15   sp|P10321|HLAC_HUMAN        40648.0867           5.705293     0.076503          41.624617 -0.535246       nucleus
16  sp|P13667|PDIA4_HUMAN        72931.5677           4.957577     0.099225          44.493070 -0.543101     cytoplasm
17    sp|P15529|MCP_HUMAN        43746.8207           6.343936     0.119898          44.855944 -0.231633       nucleus
18  sp|P16234|PGFRA_HUMAN       122668.1348           5.054942     0.084481          43.486070 -0.262167     cytoplasm
19   sp|P17544|ATF7_HUMAN        51756.2749           8.127803     0.022774          67.479917 -0.493582     cytoplasm
20  sp|P25685|DNJB1_HUMAN        38043.6526           8.744121     0.088235          50.318235 -0.715000     cytoplasm
21    sp|P29590|PML_HUMAN        97549.5169           5.880983     0.058957          58.278571 -0.404195     cytoplasm
22   sp|P31358|CD52_HUMAN         6613.6758           7.999060     0.114754          41.014754  0.844262     cytoplasm
23   sp|P31629|ZEP2_HUMAN       269050.0968           6.497402     0.057645          67.191341 -0.758013  mitochondria
24  sp|P31689|DNJA1_HUMAN        44867.7146           6.654448     0.060453          31.564987 -0.728715  mitochondria
25   sp|P41226|UBA7_HUMAN       111692.9486           5.643112     0.075099          46.988834 -0.146344  mitochondria
26   sp|P42694|HELZ_HUMAN       218967.4653           7.043909     0.077240          55.645901 -0.557106  mitochondria
27  sp|P51784|UBP11_HUMAN       109815.3318           5.277069     0.096573          52.989221 -0.520042     cytoplasm
28   sp|P56851|EP3B_HUMAN        17584.0680           6.509395     0.129252          52.392517 -0.379592  mitochondria
29  sp|P63244|RACK1_HUMAN        35076.3230           7.601442     0.085174          22.671293 -0.251420  mitochondria
30   sp|P63279|UBC9_HUMAN        18006.6153           8.869254     0.101266          45.773418 -0.532911     cytoplasm
31   sp|P78310|CXAR_HUMAN        40029.4497           7.485093     0.065753          46.929863 -0.270959     cytoplasm
32  sp|Q08648|SG11B_HUMAN        11431.0101          11.490023     0.058252          36.627184 -0.365049  mitochondria
33  sp|Q15326|ZMY11_HUMAN        70962.1569           8.829993     0.078073          57.764153 -0.936877     cytoplasm
34  sp|Q6FHJ7|SFRP4_HUMAN        39826.3112           9.119263     0.057803          56.032081 -0.414451  mitochondria
35   sp|Q6P2E9|EDC4_HUMAN       151659.4870           5.551203     0.044254          56.489365 -0.305710     cytoplasm
36   sp|Q6ZWK4|RHEX_HUMAN        19404.5337           4.759379     0.081395          65.116860 -0.433140  mitochondria
37   sp|Q7L5Y9|MAEA_HUMAN        45286.8288           8.949130     0.063131          52.025758 -0.444949     cytoplasm
38  sp|Q86V81|THOC4_HUMAN        26887.5862          11.153047     0.046693          43.352918 -0.819066     cytoplasm
39  sp|Q86WV6|STING_HUMAN        42192.1039           6.597950     0.079156          50.941187 -0.053562     cytoplasm
40  sp|Q92692|NECT2_HUMAN        57741.3386           4.741361     0.066914          50.414684 -0.237918       nucleus
41  sp|Q92956|TNR14_HUMAN        30391.4909           6.931765     0.060071          55.380919 -0.208481  mitochondria
42  sp|Q99836|MYD88_HUMAN        33232.9926           5.885473     0.074324          44.581757 -0.173986     cytoplasm
43  sp|Q9BWU0|NADAP_HUMAN        82889.5122           5.022146     0.055256          60.746671 -0.957008  mitochondria
44  sp|Q9H3P7|GCP60_HUMAN        60592.6630           5.022430     0.081439          75.549242 -0.919508     cytoplasm
45  sp|Q9H9K5|MER34_HUMAN        63546.2366           8.164099     0.110124          35.630728 -0.276199  mitochondria
46   sp|Q9NPC3|CIP1_HUMAN        31543.5834           8.587592     0.097473          54.341155 -0.501083     cytoplasm
47  sp|Q9NX65|ZSC32_HUMAN        78727.2501           8.374330     0.067432          53.775782 -0.902009       nucleus
48  sp|Q9UM44|HHLA2_HUMAN        46849.5715           5.766339     0.103865          47.778285 -0.237440       nucleus
49  sp|Q9Y2H6|FND3A_HUMAN       131850.1280           6.293122     0.082638          45.771377 -0.429215     cytoplasm
2025-07-09 20:46:20,345 - INFO - 

Selected Training Data:
     Molecular_weight  Isoelectric_point  Aromaticity  Instability_index     Gravy
22         6613.6758           7.999060     0.114754          41.014754  0.844262
21        97549.5169           5.880983     0.058957          58.278571 -0.404195
40        57741.3386           4.741361     0.066914          50.414684 -0.237918
9         40840.2477           5.655275     0.090411          36.957014 -0.498630
26       218967.4653           7.043909     0.077240          55.645901 -0.557106
5         40261.5329           4.708167     0.047222          46.003056 -0.193056
38        26887.5862          11.153047     0.046693          43.352918 -0.819066
24        44867.7146           6.654448     0.060453          31.564987 -0.728715
28        17584.0680           6.509395     0.129252          52.392517 -0.379592
8         29965.7874           7.641684     0.112782          48.921880 -0.206767
31        40029.4497           7.485093     0.065753          46.929863 -0.270959
42        33232.9926           5.885473     0.074324          44.581757 -0.173986
39        42192.1039           6.597950     0.079156          50.941187 -0.053562
36        19404.5337           4.759379     0.081395          65.116860 -0.433140
30        18006.6153           8.869254     0.101266          45.773418 -0.532911
4        221615.1871           4.951495     0.039130          46.487778 -0.239469
44        60592.6630           5.022430     0.081439          75.549242 -0.919508
15        40648.0867           5.705293     0.076503          41.624617 -0.535246
11       106158.1911           8.134701     0.079741          47.850571 -0.405927
0         35048.7240           4.829973     0.094340          52.177044 -0.244654
13        28517.7571           9.709535     0.056180          47.876779  0.237079
14       114535.0818           5.500275     0.093422          46.806015 -0.219638
27       109815.3318           5.277069     0.096573          52.989221 -0.520042
6         72757.2004           4.746704     0.083851          51.888214 -0.473913
16        72931.5677           4.957577     0.099225          44.493070 -0.543101
46        31543.5834           8.587592     0.097473          54.341155 -0.501083
48        46849.5715           5.766339     0.103865          47.778285 -0.237440
18       122668.1348           5.054942     0.084481          43.486070 -0.262167
35       151659.4870           5.551203     0.044254          56.489365 -0.305710
1         53858.6210           8.115877     0.099593          41.939675 -0.248374
7         40459.5973           5.569846     0.088398          43.560276 -0.559945
3         60102.5309           9.146275     0.035849          46.803962 -1.415094
17        43746.8207           6.343936     0.119898          44.855944 -0.231633
2        102913.9727           4.819742     0.093886          47.790972 -0.337991
23       269050.0968           6.497402     0.057645          67.191341 -0.758013
12        41399.6882           7.789344     0.073491          48.593438 -0.305774
47        78727.2501           8.374330     0.067432          53.775782 -0.902009
45        63546.2366           8.164099     0.110124          35.630728 -0.276199
49       131850.1280           6.293122     0.082638          45.771377 -0.429215
37        45286.8288           8.949130     0.063131          52.025758 -0.444949
2025-07-09 20:46:20,345 - INFO - 

Selected Testing Data:
     Molecular_weight  Isoelectric_point  Aromaticity  Instability_index     Gravy
41        30391.4909           6.931765     0.060071          55.380919 -0.208481
20        38043.6526           8.744121     0.088235          50.318235 -0.715000
32        11431.0101          11.490023     0.058252          36.627184 -0.365049
43        82889.5122           5.022146     0.055256          60.746671 -0.957008
10        88414.4842           5.270987     0.072682          41.123697 -0.403509
29        35076.3230           7.601442     0.085174          22.671293 -0.251420
33        70962.1569           8.829993     0.078073          57.764153 -0.936877
25       111692.9486           5.643112     0.075099          46.988834 -0.146344
34        39826.3112           9.119263     0.057803          56.032081 -0.414451
19        51756.2749           8.127803     0.022774          67.479917 -0.493582
2025-07-09 20:46:20,412 - INFO - 
Prediction: ['cytoplasm' 'cytoplasm' 'cytoplasm' 'cytoplasm' 'cytoplasm'
 'mitochondria' 'cytoplasm' 'cytoplasm' 'cytoplasm' 'cytoplasm']
2025-07-09 20:46:20,412 - INFO - 
Actual: ['mitochondria', 'cytoplasm', 'mitochondria', 'mitochondria', 'mitochondria', 'mitochondria', 'cytoplasm', 'mitochondria', 'mitochondria', 'cytoplasm']
2025-07-09 20:46:20,412 - INFO - 
Accuracy: 0.4
2025-07-09 20:46:20,412 - INFO - 
Confusion Matrix:
 [[3 0]
 [6 1]]
2025-07-09 20:46:20,425 - INFO - 
Classification Report:
               precision    recall  f1-score   support

   cytoplasm       0.33      1.00      0.50         3
mitochondria       1.00      0.14      0.25         7

    accuracy                           0.40        10
   macro avg       0.67      0.57      0.38        10
weighted avg       0.80      0.40      0.33        10

